#-----------------------------------------------------------
# Vivado v2018.3 (64-bit)
# SW Build 2405991 on Thu Dec  6 23:38:27 MST 2018
# IP Build 2404404 on Fri Dec  7 01:43:56 MST 2018
# Start of session at: Fri Jan 12 23:29:07 2024
# Process ID: 11052
# Current directory: C:/Users/Vasile/Desktop/projectFLAG
# Command line: vivado.exe -gui_launcher_event rodinguilauncherevent6044 C:\Users\Vasile\Desktop\projectFLAG\projectFLAG.xpr
# Log file: C:/Users/Vasile/Desktop/projectFLAG/vivado.log
# Journal file: C:/Users/Vasile/Desktop/projectFLAG\vivado.jou
#-----------------------------------------------------------
start_gui
open_project C:/Users/Vasile/Desktop/projectFLAG/projectFLAG.xpr
update_compile_order -fileset sources_1
open_project C:/Users/Vasile/Desktop/EDproject_v2/EDproject_v2.xpr
update_compile_order -fileset sources_1
current_project projectFLAG
launch_runs synth_1 -jobs 6
wait_on_run synth_1
launch_runs impl_1 -jobs 6
wait_on_run impl_1
launch_runs impl_1 -to_step write_bitstream -jobs 6
wait_on_run impl_1
open_hw
connect_hw_server
open_hw_target
disconnect_hw_server localhost:3121
connect_hw_server
open_hw_target
current_project EDproject_v2
close_project
reset_run synth_1
launch_runs synth_1 -jobs 6
wait_on_run synth_1
launch_runs impl_1 -jobs 6
wait_on_run impl_1
launch_runs impl_1 -to_step write_bitstream -jobs 6
wait_on_run impl_1
